wrote /home/azan/Openfoam/IJHMT_CFP/unit_cell_campaign/results/ledger_SalmiahFRGS21.csv 57 rows
C091 OR 1.0 Re 2 | dp 0.019 Pa Phi_in 1.0000 Phi_mid 1.0000 | split 0% energy 9.07% | Tbase max 672.36 C wall max 671.97 C | Nu nan h nan | R_base 0.92480 | it 4053 res_met False stat True acc False
C092 OR 1.0 Re 5 | dp 0.053 Pa Phi_in 1.0000 Phi_mid 1.0000 | split 0% energy 45.3% | Tbase max 530.79 C wall max 530.41 C | Nu nan h nan | R_base 0.72256 | it 4016 res_met False stat True acc False
C093 OR 1.0 Re 10 | dp 0.124 Pa Phi_in 1.0000 Phi_mid 1.0000 | split 0% energy 27.9% | Tbase max 487.77 C wall max 487.38 C | Nu nan h nan | R_base 0.66110 | it 4057 res_met False stat True acc False
C094 OR 1.0 Re 20 | dp 0.301 Pa Phi_in 1.0000 Phi_mid 1.0000 | split 0% energy 14.4% | Tbase max 422.29 C wall max 421.89 C | Nu nan h nan | R_base 0.56756 | it 4029 res_met False stat True acc False
C095 OR 1.0 Re 40 | dp nan Pa Phi_in nan Phi_mid nan | split nan% energy nan% | Tbase max nan C wall max nan C | Nu nan h nan | R_base nan | it 15 res_met False stat False acc False
C096 OR 1.0 Re 70 | dp 1.827 Pa Phi_in 1.0000 Phi_mid 1.0000 | split 0% energy 18.2% | Tbase max 287.39 C wall max 286.94 C | Nu nan h nan | R_base 0.37485 | it 4064 res_met True stat True acc False
C097 OR 1.0 Re 100 | dp 3.019 Pa Phi_in 1.0000 Phi_mid 1.0000 | split 0% energy 16.7% | Tbase max 275.76 C wall max 275.29 C | Nu nan h nan | R_base 0.35823 | it 3463 res_met True stat True acc False
C098 OR 1.0 Re 150 | dp 5.36 Pa Phi_in 1.0000 Phi_mid 1.0000 | split 0% energy 19.9% | Tbase max 258.90 C wall max 258.43 C | Nu nan h nan | R_base 0.33414 | it 2655 res_met True stat True acc False
C099 OR 1.0 Re 250 | dp 11.85 Pa Phi_in 1.0000 Phi_mid 1.0000 | split 0% energy 7.48% | Tbase max 252.25 C wall max 251.77 C | Nu nan h nan | R_base 0.32464 | it 1949 res_met True stat True acc False
E001 OR 0.0 Re 10 | dp 109.5 Pa Phi_in 0.0000 Phi_mid 0.0000 | split 0% energy 0.00143% | Tbase max 37.77 C wall max 37.34 C | Nu 8.472 h 295.9 | R_base 0.01824 | it 4530 res_met True stat True acc True
E002 OR 0.0 Re 40 | dp 475.1 Pa Phi_in 0.0000 Phi_mid 0.0000 | split 0% energy 0.000664% | Tbase max 33.91 C wall max 33.47 C | Nu 9.552 h 330.4 | R_base 0.01272 | it 2332 res_met True stat True acc True
E003 OR 0.0 Re 150 | dp 1847 Pa Phi_in 0.0000 Phi_mid 0.0000 | split 0% energy 0.000324% | Tbase max 32.11 C wall max 31.67 C | Nu 12.987 h 447.6 | R_base 0.01016 | it 1213 res_met True stat True acc True
E004 OR 0.1 Re 10 | dp 32.78 Pa Phi_in 0.3742 Phi_mid 0.6538 | split 2.09e-07% energy 0.0245% | Tbase max 46.31 C wall max 45.90 C | Nu nan h nan | R_base 0.03045 | it 11208 res_met False stat True acc False
E005 OR 0.1 Re 40 | dp 219.3 Pa Phi_in 0.2317 Phi_mid 0.5440 | split 1.57e-07% energy 0.00555% | Tbase max 35.84 C wall max 35.41 C | Nu 8.734 h 303.9 | R_base 0.01549 | it 7077 res_met True stat True acc True
E006 OR 0.1 Re 150 | dp 1154 Pa Phi_in 0.1618 Phi_mid 0.3729 | split 0% energy 0.0275% | Tbase max 32.78 C wall max 32.34 C | Nu 11.356 h 392.9 | R_base 0.01112 | it 1252 res_met True stat True acc True
E007 OR 0.2 Re 10 | dp 6.279 Pa Phi_in 0.6707 Phi_mid 0.8988 | split 0% energy 4.75% | Tbase max 73.40 C wall max 73.01 C | Nu 6.772 h 251.3 | R_base 0.06914 | it 4093 res_met False stat False acc False
E008 OR 0.2 Re 40 | dp 72.46 Pa Phi_in 0.5040 Phi_mid 0.8603 | split 0% energy 0.0639% | Tbase max 42.51 C wall max 42.10 C | Nu 8.598 h 303.0 | R_base 0.02501 | it 12000 res_met False stat True acc False
E009 OR 0.2 Re 150 | dp 611.1 Pa Phi_in 0.3529 Phi_mid 0.6789 | split 0% energy 0.0204% | Tbase max 33.95 C wall max 33.52 C | Nu 9.848 h 342.6 | R_base 0.01279 | it 2827 res_met True stat True acc True
E010 OR 0.3 Re 10 | dp 2.139 Pa Phi_in 0.7825 Phi_mid 0.9696 | split 1.55e-06% energy 1.44% | Tbase max 110.09 C wall max 109.71 C | Nu 4.484 h 174.9 | R_base 0.12155 | it 4069 res_met False stat True acc False
E011 OR 0.3 Re 40 | dp 24.59 Pa Phi_in 0.6923 Phi_mid 0.9536 | split 2e-07% energy 0.219% | Tbase max 58.71 C wall max 58.34 C | Nu 8.302 h 300.6 | R_base 0.04816 | it 12000 res_met False stat True acc False
E012 OR 0.3 Re 150 | dp 284.6 Pa Phi_in 0.5257 Phi_mid 0.8662 | split 1.54e-14% energy 0.0268% | Tbase max 36.33 C wall max 35.90 C | Nu 9.026 h 316.6 | R_base 0.01619 | it 7530 res_met True stat True acc True
E013 OR 0.4 Re 10 | dp 0.803 Pa Phi_in 0.8573 Phi_mid 0.9869 | split 1.55e-07% energy 2.67% | Tbase max 160.41 C wall max 160.05 C | Nu 3.442 h 135.6 | R_base 0.19345 | it 4089 res_met False stat False acc False
E014 OR 0.4 Re 40 | dp 8.165 Pa Phi_in 0.7988 Phi_mid 0.9834 | split 2.32e-07% energy 3.01% | Tbase max 76.34 C wall max 75.93 C | Nu 7.273 h 272.3 | R_base 0.07334 | it 4011 res_met False stat False acc False
E015 OR 0.4 Re 150 | dp 121.1 Pa Phi_in 0.6679 Phi_mid 0.9554 | split 2.06e-07% energy 0.016% | Tbase max 43.31 C wall max 42.92 C | Nu 8.812 h 313.7 | R_base 0.02616 | it 10026 res_met True stat True acc True
E016 OR 0.5 Re 10 | dp 0.333 Pa Phi_in 0.9144 Phi_mid 0.9952 | split 1.47e-07% energy 3.9% | Tbase max 224.80 C wall max 224.42 C | Nu 1.984 h 78.8 | R_base 0.28543 | it 4148 res_met False stat True acc False
E017 OR 0.5 Re 40 | dp 3.036 Pa Phi_in 0.8571 Phi_mid 0.9961 | split 1.84e-07% energy 2.43% | Tbase max 102.86 C wall max 102.47 C | Nu 5.597 h 218.8 | R_base 0.11122 | it 4034 res_met False stat False acc False
E018 OR 0.5 Re 150 | dp 50.04 Pa Phi_in 0.7754 Phi_mid 0.9863 | split 2.45e-08% energy 0.0601% | Tbase max 61.97 C wall max 61.61 C | Nu 8.496 h 312.2 | R_base 0.05281 | it 8645 res_met True stat True acc True
E019 OR 0.6 Re 10 | dp 0.165 Pa Phi_in 0.9502 Phi_mid 0.9967 | split 3.19e-07% energy 15.2% | Tbase max 305.24 C wall max 304.84 C | Nu 1.615 h 64.8 | R_base 0.40034 | it 4019 res_met False stat False acc False
E020 OR 0.6 Re 40 | dp 1.342 Pa Phi_in 0.9003 Phi_mid 0.9995 | split 1.02e-07% energy 1.5% | Tbase max 137.30 C wall max 136.93 C | Nu 4.096 h 164.5 | R_base 0.16043 | it 4037 res_met False stat False acc False
E021 OR 0.6 Re 150 | dp 18.75 Pa Phi_in 0.8506 Phi_mid 0.9975 | split 6.07e-08% energy 9.34% | Tbase max 90.01 C wall max 89.63 C | Nu 5.925 h 228.8 | R_base 0.09287 | it 4023 res_met False stat False acc False
E022 OR 0.7 Re 10 | dp 0.07 Pa Phi_in 0.9883 Phi_mid 0.9979 | split 0.0111% energy 421% | Tbase max 1081.13 C wall max 1219.94 C | Nu 2.637 h 107.8 | R_base 1.50875 | it 4121 res_met False stat False acc False
E023 OR 0.7 Re 40 | dp 0.499 Pa Phi_in 0.9445 Phi_mid 0.9989 | split 5.96e-08% energy 3.72% | Tbase max 204.31 C wall max 203.94 C | Nu 1.172 h 47.9 | R_base 0.25616 | it 4006 res_met False stat False acc False
E024 OR 0.7 Re 150 | dp 7.311 Pa Phi_in 0.9051 Phi_mid 0.9992 | split 3.97e-08% energy 5.78% | Tbase max 113.36 C wall max 113.04 C | Nu 5.169 h 210.0 | R_base 0.12623 | it 4087 res_met False stat False acc False
E025 OR 0.8 Re 10 | dp 0.049 Pa Phi_in 0.9855 Phi_mid 0.9987 | split 4.31e-08% energy 10% | Tbase max 527.46 C wall max 527.03 C | Nu 1.406 h 59.6 | R_base 0.71780 | it 4010 res_met False stat False acc False
E026 OR 0.8 Re 40 | dp 6.513 Pa Phi_in 0.9745 Phi_mid 0.9982 | split 1.51e-06% energy 1.3e+04% | Tbase max 2019.14 C wall max 2875.30 C | Nu nan h nan | R_base 2.84877 | it 2763 res_met False stat False acc False
E027 OR 0.8 Re 150 | dp 1.728 Pa Phi_in 0.9522 Phi_mid 0.9999 | split 3.45e-08% energy 2.4% | Tbase max 159.46 C wall max 159.07 C | Nu 4.505 h 191.0 | R_base 0.19209 | it 4072 res_met False stat False acc False
E028 OR 0.9 Re 10 | dp -0.314 Pa Phi_in 0.9891 Phi_mid 0.9977 | split 1.4e-05% energy 58.6% | Tbase max 3737.19 C wall max 4192.58 C | Nu nan h nan | R_base 5.30313 | it 865 res_met False stat False acc False
E029 OR 0.9 Re 40 | dp -1.155 Pa Phi_in 0.9832 Phi_mid 0.9982 | split 1.67e-05% energy 53% | Tbase max 116550.96 C wall max 50512.94 C | Nu nan h nan | R_base 166.46566 | it 452 res_met False stat False acc False
E030 OR 0.9 Re 150 | dp 0.475 Pa Phi_in 0.9911 Phi_mid 0.9991 | split 1.04e-08% energy 9.14% | Tbase max 395.39 C wall max 395.08 C | Nu 1.920 h 90.0 | R_base 0.52913 | it 4023 res_met False stat False acc False
E031 OR 1.0 Re 10 | dp 0.221 Pa Phi_in 1.0000 Phi_mid 1.0000 | split 0% energy 12.2% | Tbase max 435.38 C wall max 434.97 C | Nu nan h nan | R_base 0.58626 | it 4017 res_met False stat True acc False
E032 OR 1.0 Re 40 | dp 1.308 Pa Phi_in 1.0000 Phi_mid 1.0000 | split 0% energy 16.3% | Tbase max 295.40 C wall max 294.98 C | Nu nan h nan | R_base 0.38629 | it 4051 res_met False stat True acc False
E033 OR 1.0 Re 150 | dp 8.675 Pa Phi_in 1.0000 Phi_mid 1.0000 | split 0% energy 18.7% | Tbase max 238.83 C wall max 238.36 C | Nu nan h nan | R_base 0.30547 | it 2678 res_met True stat True acc False
G001 OR 0.1 Re 250 | dp 1299 Pa Phi_in 0.1465 Phi_mid 0.3160 | split 0% energy 0.145% | Tbase max 32.38 C wall max 31.96 C | Nu 12.360 h 436.4 | R_base 0.01054 | it 1312 res_met True stat True acc True
G002 OR 0.1 Re 250 | dp 1373 Pa Phi_in 0.1466 Phi_mid 0.3153 | split 1.79e-14% energy 0.0845% | Tbase max 32.38 C wall max 31.93 C | Nu 11.869 h 419.1 | R_base 0.01055 | it 1204 res_met True stat True acc True
L001 OR 0.0 Re 40 | dp 314.6 Pa Phi_in 0.0000 Phi_mid 0.0000 | split 0% energy 0.0171% | Tbase max 29.10 C wall max 28.91 C | Nu 8.882 h 312.9 | R_base 0.01367 | it 2254 res_met True stat True acc True
L002 OR 0.25 Re 40 | dp 23.28 Pa Phi_in 0.6125 Phi_mid 0.9486 | split 1.93e-06% energy 12.4% | Tbase max 39.06 C wall max 38.89 C | Nu nan h nan | R_base 0.04686 | it 470 res_met False stat False acc False
L003 OR 0.5 Re 40 | dp 2.464 Pa Phi_in 0.8753 Phi_mid 0.9973 | split 1.23e-14% energy 0.24% | Tbase max 69.68 C wall max 69.52 C | Nu 4.719 h 167.2 | R_base 0.14893 | it 12000 res_met False stat True acc False
L004 OR 0.75 Re 40 | dp 0.205 Pa Phi_in 0.9545 Phi_mid 0.9986 | split 2.18e-08% energy 2.13% | Tbase max 138.04 C wall max 137.87 C | Nu 2.385 h 86.6 | R_base 0.37680 | it 4096 res_met False stat True acc False
L005 OR 1.0 Re 40 | dp 0.816 Pa Phi_in 1.0000 Phi_mid 1.0000 | split 0% energy 5.42% | Tbase max 175.16 C wall max 174.97 C | Nu nan h nan | R_base 0.50052 | it 4066 res_met False stat True acc False
L006 OR 0.0 Re 40 | dp 310.5 Pa Phi_in 0.0000 Phi_mid 0.0000 | split 0% energy 0.0323% | Tbase max 31.81 C wall max 31.50 C | Nu 8.936 h 314.6 | R_base 0.01362 | it 2206 res_met True stat True acc True
L007 OR 0.25 Re 40 | dp 28.09 Pa Phi_in 0.6080 Phi_mid 0.9272 | split 1.54e-07% energy 0.0554% | Tbase max 46.75 C wall max 46.48 C | Nu 8.223 h 290.3 | R_base 0.04351 | it 12000 res_met False stat True acc False
L008 OR 0.5 Re 40 | dp 2.516 Pa Phi_in 0.8630 Phi_mid 0.9956 | split 1.14e-07% energy 4.5% | Tbase max 91.99 C wall max 91.72 C | Nu 5.130 h 180.2 | R_base 0.13398 | it 4062 res_met False stat False acc False
L009 OR 0.75 Re 40 | dp 0.205 Pa Phi_in 0.9533 Phi_mid 0.9987 | split 2.18e-08% energy 3.83% | Tbase max 202.19 C wall max 201.91 C | Nu 1.889 h 68.6 | R_base 0.35438 | it 4114 res_met False stat True acc False
L010 OR 1.0 Re 40 | dp 0.822 Pa Phi_in 1.0000 Phi_mid 1.0000 | split 0% energy 15.4% | Tbase max 249.10 C wall max 248.79 C | Nu nan h nan | R_base 0.44820 | it 4008 res_met False stat True acc False
L015 OR 1.0 Re 40 | dp 0.813 Pa Phi_in 1.0000 Phi_mid 1.0000 | split 0% energy 36.1% | Tbase max 370.46 C wall max 369.94 C | Nu nan h nan | R_base 0.40642 | it 4020 res_met False stat True acc False
L020 OR 1.0 Re 40 | dp 0.821 Pa Phi_in 1.0000 Phi_mid 1.0000 | split 0% energy 21.5% | Tbase max 455.54 C wall max 454.93 C | Nu nan h nan | R_base 0.43054 | it 4057 res_met False stat True acc False
L025 OR 1.0 Re 40 | dp 0.81 Pa Phi_in 1.0000 Phi_mid 1.0000 | split 0% energy 18.5% | Tbase max 483.65 C wall max 482.97 C | Nu nan h nan | R_base 0.38221 | it 4056 res_met False stat True acc False
