2026-09-05 23:18:45 environment: OpenFOAM v2406; mpirun mpirun (Open MPI) 4.1.6
2026-09-05 23:18:45 resources: 8 physical cores, 16 logical, 15.6 GB available, load 0.2
2026-09-05 23:18:55 using 8 cores: 1 concurrent cases x 8 ranks
2026-09-05 23:18:56 checked 87 cases; 0 with differences; 32 numeric-equivalent
2026-09-05 23:18:56 re-extracting 2 finished cases with the version-2 stations and bins
2026-09-05 23:19:09 C091 skip (done)
2026-09-05 23:19:09 C092 skip (done)
2026-09-05 23:19:09 C093 skip (done)
2026-09-05 23:19:09 C094 skip (done)
2026-09-05 23:19:09 C095 skip (done)
2026-09-05 23:19:09 C096 skip (done)
2026-09-05 23:19:09 C097 skip (done)
2026-09-05 23:19:09 C098 skip (done)
2026-09-05 23:19:09 C099 skip (done)
2026-09-05 23:19:09 E031 skip (done)
2026-09-05 23:19:09 E032 skip (done)
2026-09-05 23:19:09 E033 skip (done)
2026-09-05 23:19:09 L005 skip (done)
2026-09-05 23:19:09 L010 skip (done)
2026-09-05 23:19:09 L015 skip (done)
2026-09-05 23:19:09 L020 skip (done)
2026-09-05 23:19:09 L025 skip (done)
2026-09-05 23:19:09 G001 skip (done)
2026-09-05 23:19:09 G002 skip (done)
2026-09-05 23:19:09 E001 skip (done)
2026-09-05 23:19:09 E002 skip (done)
2026-09-05 23:19:09 E003 skip (done)
2026-09-05 23:19:12 E004 start
2026-09-05 23:19:14 E004 done rc=1 0 iterations, cap stop, 2 s
2026-09-05 23:19:27 E005 start
2026-09-05 23:36:49 E005 done rc=0 7077 iterations, converged stop, 1042 s
2026-09-05 23:37:02 E006 start
2026-09-05 23:39:43 E006 done rc=0 1252 iterations, converged stop, 161 s
2026-09-05 23:39:55 E007 start
2026-09-05 23:49:36 E007 done rc=0 4093 iterations, envelope stop, 581 s
2026-09-05 23:49:48 E008 start
2026-09-06 00:22:59 E008 done rc=0 12000 iterations, cap stop, 1991 s
2026-09-06 00:23:13 E009 start
2026-09-06 00:29:34 E009 done rc=0 2827 iterations, converged stop, 381 s
2026-09-06 00:29:46 E010 start
2026-09-06 00:38:07 E010 done rc=0 4069 iterations, envelope stop, 501 s
2026-09-06 00:38:20 E011 start
2026-09-06 01:05:22 E011 done rc=0 12000 iterations, cap stop, 1622 s
2026-09-06 01:05:35 E012 start
2026-09-06 01:23:57 E012 done rc=0 7530 iterations, converged stop, 1102 s
2026-09-06 01:24:09 E013 start
2026-09-06 01:32:31 E013 done rc=0 4089 iterations, envelope stop, 501 s
2026-09-06 01:32:42 E014 start
2026-09-06 01:42:44 E014 done rc=0 4011 iterations, envelope stop, 601 s
2026-09-06 01:42:56 E015 start
2026-09-06 02:10:58 E015 done rc=0 10026 iterations, converged stop, 1683 s
2026-09-06 02:11:12 E016 start
2026-09-06 02:19:13 E016 done rc=0 4148 iterations, envelope stop, 481 s
2026-09-06 02:19:26 E017 start
2026-09-06 02:29:28 E017 done rc=0 4034 iterations, envelope stop, 601 s
2026-09-06 02:29:40 E018 start
2026-09-06 02:58:22 E018 done rc=0 8645 iterations, converged stop, 1722 s
2026-09-06 02:58:35 E019 start
2026-09-06 03:07:17 E019 done rc=0 4019 iterations, envelope stop, 521 s
2026-09-06 03:07:28 E020 start
2026-09-06 03:18:30 E020 done rc=0 4037 iterations, envelope stop, 662 s
2026-09-06 03:18:42 E021 start
2026-09-06 03:33:24 E021 done rc=0 4023 iterations, envelope stop, 882 s
2026-09-06 03:33:36 E022 start
2026-09-06 03:43:18 E022 done rc=0 4121 iterations, envelope stop, 582 s
2026-09-06 03:43:30 E023 start
2026-09-06 16:19:02 E023 done rc=0 4006 iterations, envelope stop, 45331 s
2026-09-06 16:19:13 E024 start
2026-09-06 16:30:34 E024 done rc=0 4087 iterations, envelope stop, 681 s
2026-09-06 16:30:46 E025 start
2026-09-06 16:45:48 E025 done rc=0 4010 iterations, envelope stop, 901 s
2026-09-06 16:46:00 E026 start
2026-09-06 16:54:44 E026 done rc=1 2764 iterations, cap stop, 524 s
2026-09-06 16:54:55 E027 start
2026-09-06 17:06:36 E027 done rc=0 4072 iterations, envelope stop, 701 s
2026-09-06 17:06:48 E028 start
2026-09-06 17:10:48 E028 done rc=1 866 iterations, cap stop, 240 s
2026-09-06 17:10:58 E029 start
2026-09-06 17:12:51 E029 done rc=1 453 iterations, cap stop, 113 s
2026-09-06 17:13:03 E030 start
2026-09-06 17:28:24 E030 done rc=0 4023 iterations, envelope stop, 922 s
2026-09-06 17:28:36 L001 start
2026-09-06 17:33:37 L001 done rc=0 2254 iterations, converged stop, 301 s
2026-09-06 17:33:48 L002 start
2026-09-07 00:12:15 environment: OpenFOAM v2406; mpirun mpirun (Open MPI) 4.1.6
2026-09-07 00:12:15 resources: 8 physical cores, 16 logical, 15.5 GB available, load 0.0
2026-09-07 00:12:18 using 8 cores: 1 concurrent cases x 8 ranks
2026-09-07 00:12:19 checked 87 cases; 0 with differences; 32 numeric-equivalent
2026-09-07 00:12:19 re-extracting 3 finished cases with the version-2 stations and bins
2026-09-07 00:12:29 C091 skip (done)
2026-09-07 00:12:29 C092 skip (done)
2026-09-07 00:12:29 C093 skip (done)
2026-09-07 00:12:29 C094 skip (done)
2026-09-07 00:12:29 C095 skip (done)
2026-09-07 00:12:29 C096 skip (done)
2026-09-07 00:12:29 C097 skip (done)
2026-09-07 00:12:29 C098 skip (done)
2026-09-07 00:12:29 C099 skip (done)
2026-09-07 00:12:29 E031 skip (done)
2026-09-07 00:12:29 E032 skip (done)
2026-09-07 00:12:29 E033 skip (done)
2026-09-07 00:12:29 L005 skip (done)
2026-09-07 00:12:29 L010 skip (done)
2026-09-07 00:12:29 L015 skip (done)
2026-09-07 00:12:29 L020 skip (done)
2026-09-07 00:12:29 L025 skip (done)
2026-09-07 00:12:29 G001 skip (done)
2026-09-07 00:12:29 G002 skip (done)
2026-09-07 00:12:29 E001 skip (done)
2026-09-07 00:12:29 E002 skip (done)
2026-09-07 00:12:29 E003 skip (done)
2026-09-07 00:12:29 E004 skip (done)
2026-09-07 00:12:29 E005 skip (done)
2026-09-07 00:12:29 E006 skip (done)
2026-09-07 00:12:29 E007 skip (done)
2026-09-07 00:12:29 E008 skip (done)
2026-09-07 00:12:29 E009 skip (done)
2026-09-07 00:12:29 E010 skip (done)
2026-09-07 00:12:29 E011 skip (done)
2026-09-07 00:12:29 E012 skip (done)
2026-09-07 00:12:29 E013 skip (done)
2026-09-07 00:12:29 E014 skip (done)
2026-09-07 00:12:29 E015 skip (done)
2026-09-07 00:12:29 E016 skip (done)
2026-09-07 00:12:29 E017 skip (done)
2026-09-07 00:12:29 E018 skip (done)
2026-09-07 00:12:29 E019 skip (done)
2026-09-07 00:12:29 E020 skip (done)
2026-09-07 00:12:29 E021 skip (done)
2026-09-07 00:12:29 E022 skip (done)
2026-09-07 00:12:29 E023 skip (done)
2026-09-07 00:12:29 E024 skip (done)
2026-09-07 00:12:29 E025 skip (done)
2026-09-07 00:12:29 E026 skip (done)
2026-09-07 00:12:29 E027 skip (done)
2026-09-07 00:12:29 E028 skip (done)
2026-09-07 00:12:29 E029 skip (done)
2026-09-07 00:12:29 E030 skip (done)
2026-09-07 00:12:29 L001 skip (done)
2026-09-07 00:12:32 L002 start
2026-09-07 00:12:33 L002 done rc=1 0 iterations, cap stop, 1 s
2026-09-07 00:12:43 L003 start
2026-09-07 00:51:25 L003 done rc=0 12000 iterations, cap stop, 2322 s
2026-09-07 00:51:37 L004 start
2026-09-07 01:04:19 L004 done rc=0 4096 iterations, envelope stop, 762 s
2026-09-07 01:04:30 L006 start
2026-09-07 01:09:32 L006 done rc=0 2206 iterations, converged stop, 301 s
2026-09-07 01:09:43 L007 start
2026-09-07 01:39:55 L007 done rc=0 12000 iterations, cap stop, 1812 s
2026-09-07 01:40:08 L008 start
2026-09-07 01:49:49 L008 done rc=0 4062 iterations, envelope stop, 581 s
2026-09-07 01:50:00 L009 start
2026-09-07 01:59:42 L009 done rc=0 4114 iterations, envelope stop, 581 s
2026-09-07 01:59:53 L011 skip (results already in the repository from another machine)
2026-09-07 01:59:56 L012 start
2026-09-07 02:29:48 L012 done rc=0 12000 iterations, cap stop, 1792 s
